// Jest Snapshot v1, https://goo.gl/fbAQLP

exports[`AccordionItem should render 1`] = `
Object {
  "baseElement": <body>
    <div>
      <li
        class="bx--accordion__item bx--accordion__item--function () { [native code] } extra-class"
      >
        <button
          aria-expanded="false"
          class="bx--accordion__heading"
          type="button"
        >
          <svg
            class="bx--accordion__arrow"
            viewBox="0 0 16 16"
            xmlns="http://www.w3.org/2000/svg"
          >
            <path
              d="M11 8L6 13 5.3 12.3 9.6 8 5.3 3.7 6 3z"
            />
          </svg>
          <div
            class="bx--accordion__title"
          >
            A heading
          </div>
        </button>
        <div
          class="bx--accordion__content"
        >
          Lorem ipsum.
        </div>
      </li>
    </div>
  </body>,
  "container": <div>
    <li
      class="bx--accordion__item bx--accordion__item--function () { [native code] } extra-class"
    >
      <button
        aria-expanded="false"
        class="bx--accordion__heading"
        type="button"
      >
        <svg
          class="bx--accordion__arrow"
          viewBox="0 0 16 16"
          xmlns="http://www.w3.org/2000/svg"
        >
          <path
            d="M11 8L6 13 5.3 12.3 9.6 8 5.3 3.7 6 3z"
          />
        </svg>
        <div
          class="bx--accordion__title"
        >
          A heading
        </div>
      </button>
      <div
        class="bx--accordion__content"
      >
        Lorem ipsum.
      </div>
    </li>
  </div>,
  "debug": [Function],
  "findAllByAltText": [Function],
  "findAllByDisplayValue": [Function],
  "findAllByLabelText": [Function],
  "findAllByPlaceholderText": [Function],
  "findAllByRole": [Function],
  "findAllByTestId": [Function],
  "findAllByText": [Function],
  "findAllByTitle": [Function],
  "findByAltText": [Function],
  "findByDisplayValue": [Function],
  "findByLabelText": [Function],
  "findByPlaceholderText": [Function],
  "findByRole": [Function],
  "findByTestId": [Function],
  "findByText": [Function],
  "findByTitle": [Function],
  "getAllByAltText": [Function],
  "getAllByDisplayValue": [Function],
  "getAllByLabelText": [Function],
  "getAllByPlaceholderText": [Function],
  "getAllByRole": [Function],
  "getAllByTestId": [Function],
  "getAllByText": [Function],
  "getAllByTitle": [Function],
  "getByAltText": [Function],
  "getByDisplayValue": [Function],
  "getByLabelText": [Function],
  "getByPlaceholderText": [Function],
  "getByRole": [Function],
  "getByTestId": [Function],
  "getByText": [Function],
  "getByTitle": [Function],
  "queryAllByAltText": [Function],
  "queryAllByDisplayValue": [Function],
  "queryAllByLabelText": [Function],
  "queryAllByPlaceholderText": [Function],
  "queryAllByRole": [Function],
  "queryAllByTestId": [Function],
  "queryAllByText": [Function],
  "queryAllByTitle": [Function],
  "queryByAltText": [Function],
  "queryByDisplayValue": [Function],
  "queryByLabelText": [Function],
  "queryByPlaceholderText": [Function],
  "queryByRole": [Function],
  "queryByTestId": [Function],
  "queryByText": [Function],
  "queryByTitle": [Function],
  "unmount": [Function],
}
`;
