// Jest Snapshot v1, https://goo.gl/fbAQLP

exports[`FormLabel should render 1`] = `
<div>
  <label
    class="bx--label"
  />
</div>
`;
